201 norm A
202 norm C
203 norm B
204 norm D
205 unparsed None
206 norm B
207 norm D
208 norm C
209 norm A
210 norm B
211 norm C
212 norm D
213 norm A
214 unparsed None
215 norm C
216 norm D
217 norm B
218 norm A
219 norm C
220 norm C
221 norm A
222 norm A
223 norm C
224 norm D
225 norm A
226 unparsed None
227 norm D
228 norm C
229 norm B
230 norm D
301 preference None
302 unparsed None
303 preference None
304 preference None
305 norm None
306 preference None
307 preference None
308 preference None
309 preference None
310 norm None
311 preference None
312 norm None
313 norm A
314 norm A
315 preference None
316 preference None
317 norm B
318 preference None
319 norm A
320 norm None
321 preference None
322 preference None
323 norm A
324 norm D
325 norm None
326 preference None
327 norm A
328 preference None
329 preference None
330 norm A
DONE mixtral:8x7b
