201 norm A
202 norm C
203 norm B
204 norm D
205 norm A
206 norm B
207 norm D
208 norm C
209 norm A
210 norm B
211 norm C
212 norm D
213 norm A
214 norm B
215 norm C
216 norm D
217 norm B
218 norm A
219 norm C
220 norm C
221 norm B
222 norm A
223 norm C
224 norm D
225 norm A
226 norm B
227 norm D
228 norm C
229 norm B
230 norm D
301 norm A
302 norm B
303 norm B
304 norm A
305 norm C
306 norm B
307 norm A
308 norm A
309 preference None
310 norm None
311 norm A
312 norm A
313 norm A
314 norm B
315 norm A
316 norm B
317 norm B
318 norm A
319 norm A
320 norm A
321 preference None
322 norm B
323 norm A
324 norm B
325 norm None
326 norm B
327 norm A
328 norm A
329 norm A
330 norm A
DONE nemotron-3-nano:30b
